"\n# This is my book #\n#### A clever subtitle ####\n\n# This is a Document Parser Test #\n\n\n## Table Of Contents ##\n\n- Chapter 1: Chapter 1\n- Chapter 2: Chapter 2\n\n## Chapter 1 ##\n\nThis is some content.\n\n## Here is a section ##\n    \n\n## Chapter 2 ##\n\nThis is some content in chapter 2.\n\n## Here is another section ##\n    \n\n\n\n    "
