[
    {
        "content": "    (filemeta\n        (title \"This is my book\")\n        (subtitle \"A clever subtitle\")\n        (authors [\"Chris Stead\"]))",
        "type": "executable"
    },
    {
        "content": "\n# This is a Document Parser Test #\n",
        "type": "content"
    },
    {
        "content": "    (table-of-contents\n        [\n            (chapter \"./chapter1-file.md\")\n            (chapter \"./chapter2-file.md\")\n        ])",
        "type": "executable"
    },
    {
        "content": "\n",
        "type": "content"
    }
]
